Found 14 batch files (14 logical batches, 0 multi-part):
  batch-existing.json: 862 nodes, 1620 edges
  batch-2.json: 9 nodes, 37 edges
  batch-3.json: 31 nodes, 100 edges
  batch-4.json: 6 nodes, 17 edges
  batch-5.json: 28 nodes, 115 edges
  batch-6.json: 10 nodes, 23 edges
  batch-7.json: 36 nodes, 120 edges
  batch-8.json: 2 nodes, 16 edges
  batch-9.json: 23 nodes, 77 edges
  batch-10.json: 7 nodes, 24 edges
  batch-13.json: 2 nodes, 0 edges
  batch-18.json: 2 nodes, 0 edges
  batch-19.json: 6 nodes, 3 edges
  batch-20.json: 1 nodes, 0 edges

Input: 1025 nodes, 2152 edges

Fixed (1 corrections):
     1 × tested_by edges dropped (orphan endpoint or test↔test / prod↔prod pair)

Tested-by linker:
     0 × tested_by edges produced (path-convention supplement, production → test)
    10 × production nodes tagged "tested"

Output: 1025 nodes, 2151 edges

Imports edge recovery:
  Recovered 58 `imports` edges from importMap (356 entries scanned)
  Skipped 1 importMap target paths with no `file:` node in graph

Written to /Users/bkalyankrishnareddy/Desktop/GATE PREP/hetu/.ua/intermediate/assembled-graph.json (962 KB)
